// Jest Snapshot v1, https://goo.gl/fbAQLP

exports[`ButtonContainer should match the snapshot 1`] = `undefined`;
